// Jest Snapshot v1, https://goo.gl/fbAQLP

exports[`Tests Card component renders component correctly 1`] = `
<div>
  <div
    class="wrapper"
  >
    <div
      aria-label="image"
      class="wrapper"
      role="img"
    >
      <span
        style="box-sizing: border-box; display: block; overflow: hidden; background: none; opacity: 1; border: 0px; margin: 0px; padding: 0px; position: absolute; top: 0px; left: 0px; bottom: 0px; right: 0px;"
      >
        <img
          alt="image"
          class="image image"
          data-nimg="fill"
          decoding="async"
          src="https://picsum.photos/200/300"
          style="position: absolute; top: 0px; left: 0px; bottom: 0px; right: 0px; box-sizing: border-box; padding: 0px; margin: auto; display: block; width: 0px; height: 0px; min-width: 100%; max-width: 100%; min-height: 100%; max-height: 100%; object-fit: cover;"
        />
      </span>
      <div
        class="image content"
      />
      <style>
        
        .wrapper {
          width: 50px;
          height: 50px;
          min-width: 50px;
        }
        .wrapper::before {
          padding-top: 100%;
        }
      
      </style>
    </div>
    <div
      class="wrapper body"
    >
      <h2
        class="wrapper heading"
      >
        Title
      </h2>
      <span
        class="wrapper sm"
      >
        Description
        <style>
          
        .wrapper {
          
          opacity: 0.5;
          
        }
      
        </style>
      </span>
      <style>
        
        .wrapper {
          display: flex;
          flex-direction: column;
          flex-wrap: nowrap;
          gap: 2px;
          
          
        }
      
      </style>
    </div>
  </div>
</div>
`;
