// Jest Snapshot v1, https://goo.gl/fbAQLP

exports[`Tests MediaGrid component renders component correctly 1`] = `
<div>
  <div
    class="wrapper"
  >
    <div
      class="MuiGrid-root MuiGrid-container wrapper grid css-lrun27-MuiGrid-root"
      role="grid"
    >
      <div
        class="MuiGrid-root MuiGrid-item MuiGrid-grid-xs-60 MuiGrid-grid-sm-40 MuiGrid-grid-md-30 MuiGrid-grid-lg-24 MuiGrid-grid-xl-20 item css-1vivnjg-MuiGrid-root"
      >
        <div
          class="wrapper card"
        >
          <a
            href="/movie/634649"
          >
            <div
              aria-label="image"
              class="wrapper"
              role="img"
            >
              <span
                style="box-sizing: border-box; display: block; overflow: hidden; background: none; opacity: 1; border: 0px; margin: 0px; padding: 0px; position: absolute; top: 0px; left: 0px; bottom: 0px; right: 0px;"
              >
                <img
                  class="image image linkable"
                  data-nimg="fill"
                  decoding="async"
                  src="data:image/gif;base64,R0lGODlhAQABAIAAAAAAAP///yH5BAEAAAAALAAAAAABAAEAAAIBRAA7"
                  style="position: absolute; top: 0px; left: 0px; bottom: 0px; right: 0px; box-sizing: border-box; padding: 0px; margin: auto; display: block; width: 0px; height: 0px; min-width: 100%; max-width: 100%; min-height: 100%; max-height: 100%; object-fit: cover;"
                />
                <noscript />
              </span>
              <div
                class="image linkable content"
              >
                <div
                  class="wrapper actions"
                >
                  <button
                    aria-label="action"
                    class="wrapper medium clear action"
                  >
                    <svg
                      class="actionIcon"
                      fill="currentColor"
                      height="1em"
                      stroke="currentColor"
                      stroke-width="0"
                      viewBox="0 0 512 512"
                      width="1em"
                      xmlns="http://www.w3.org/2000/svg"
                    >
                      <path
                        d="M416 277.333H277.333V416h-42.666V277.333H96v-42.666h138.667V96h42.666v138.667H416v42.666z"
                      />
                    </svg>
                  </button>
                  <style>
                    
        .wrapper {
          display: flex;
          flex-direction: row;
          flex-wrap: nowrap;
          gap: 8px;
          justify-content: flex-end;
          
        }
      
                  </style>
                </div>
              </div>
              <style>
                
        .wrapper {
          width: 100%;
          height: 100%;
          min-width: 100%;
        }
        .wrapper::before {
          padding-top: 150%;
        }
      
              </style>
            </div>
          </a>
          <div
            class="wrapper body"
          >
            <a
              href="/movie/634649"
            >
              <h2
                class="wrapper heading linkable"
              >
                Spider-Man: No Way Home
              </h2>
            </a>
            <span
              class="wrapper sm"
            >
              16 dic 2021
              <style>
                
        .wrapper {
          
          opacity: 0.5;
          
        }
      
              </style>
            </span>
            <style>
              
        .wrapper {
          display: flex;
          flex-direction: column;
          flex-wrap: nowrap;
          gap: 2px;
          
          
        }
      
            </style>
          </div>
        </div>
      </div>
      <div
        class="MuiGrid-root MuiGrid-item MuiGrid-grid-xs-60 MuiGrid-grid-sm-40 MuiGrid-grid-md-30 MuiGrid-grid-lg-24 MuiGrid-grid-xl-20 item css-1vivnjg-MuiGrid-root"
      >
        <div
          class="wrapper card"
        >
          <a
            href="/movie/508947"
          >
            <div
              aria-label="image"
              class="wrapper"
              role="img"
            >
              <span
                style="box-sizing: border-box; display: block; overflow: hidden; background: none; opacity: 1; border: 0px; margin: 0px; padding: 0px; position: absolute; top: 0px; left: 0px; bottom: 0px; right: 0px;"
              >
                <img
                  class="image image linkable"
                  data-nimg="fill"
                  decoding="async"
                  src="data:image/gif;base64,R0lGODlhAQABAIAAAAAAAP///yH5BAEAAAAALAAAAAABAAEAAAIBRAA7"
                  style="position: absolute; top: 0px; left: 0px; bottom: 0px; right: 0px; box-sizing: border-box; padding: 0px; margin: auto; display: block; width: 0px; height: 0px; min-width: 100%; max-width: 100%; min-height: 100%; max-height: 100%; object-fit: cover;"
                />
                <noscript />
              </span>
              <div
                class="image linkable content"
              >
                <div
                  class="wrapper actions"
                >
                  <button
                    aria-label="action"
                    class="wrapper medium clear action"
                  >
                    <svg
                      class="actionIcon"
                      fill="currentColor"
                      height="1em"
                      stroke="currentColor"
                      stroke-width="0"
                      viewBox="0 0 512 512"
                      width="1em"
                      xmlns="http://www.w3.org/2000/svg"
                    >
                      <path
                        d="M416 277.333H277.333V416h-42.666V277.333H96v-42.666h138.667V96h42.666v138.667H416v42.666z"
                      />
                    </svg>
                  </button>
                  <style>
                    
        .wrapper {
          display: flex;
          flex-direction: row;
          flex-wrap: nowrap;
          gap: 8px;
          justify-content: flex-end;
          
        }
      
                  </style>
                </div>
              </div>
              <style>
                
        .wrapper {
          width: 100%;
          height: 100%;
          min-width: 100%;
        }
        .wrapper::before {
          padding-top: 150%;
        }
      
              </style>
            </div>
          </a>
          <div
            class="wrapper body"
          >
            <a
              href="/movie/508947"
            >
              <h2
                class="wrapper heading linkable"
              >
                Red
              </h2>
            </a>
            <span
              class="wrapper sm"
            >
              11 mar 2022
              <style>
                
        .wrapper {
          
          opacity: 0.5;
          
        }
      
              </style>
            </span>
            <style>
              
        .wrapper {
          display: flex;
          flex-direction: column;
          flex-wrap: nowrap;
          gap: 2px;
          
          
        }
      
            </style>
          </div>
        </div>
      </div>
      <div
        class="MuiGrid-root MuiGrid-item MuiGrid-grid-xs-60 MuiGrid-grid-sm-40 MuiGrid-grid-md-30 MuiGrid-grid-lg-24 MuiGrid-grid-xl-20 item css-1vivnjg-MuiGrid-root"
      >
        <div
          class="wrapper card"
        >
          <a
            href="/movie/675353"
          >
            <div
              aria-label="image"
              class="wrapper"
              role="img"
            >
              <span
                style="box-sizing: border-box; display: block; overflow: hidden; background: none; opacity: 1; border: 0px; margin: 0px; padding: 0px; position: absolute; top: 0px; left: 0px; bottom: 0px; right: 0px;"
              >
                <img
                  class="image image linkable"
                  data-nimg="fill"
                  decoding="async"
                  src="data:image/gif;base64,R0lGODlhAQABAIAAAAAAAP///yH5BAEAAAAALAAAAAABAAEAAAIBRAA7"
                  style="position: absolute; top: 0px; left: 0px; bottom: 0px; right: 0px; box-sizing: border-box; padding: 0px; margin: auto; display: block; width: 0px; height: 0px; min-width: 100%; max-width: 100%; min-height: 100%; max-height: 100%; object-fit: cover;"
                />
                <noscript />
              </span>
              <div
                class="image linkable content"
              >
                <div
                  class="wrapper actions"
                >
                  <button
                    aria-label="action"
                    class="wrapper medium clear action"
                  >
                    <svg
                      class="actionIcon"
                      fill="currentColor"
                      height="1em"
                      stroke="currentColor"
                      stroke-width="0"
                      viewBox="0 0 512 512"
                      width="1em"
                      xmlns="http://www.w3.org/2000/svg"
                    >
                      <path
                        d="M416 277.333H277.333V416h-42.666V277.333H96v-42.666h138.667V96h42.666v138.667H416v42.666z"
                      />
                    </svg>
                  </button>
                  <style>
                    
        .wrapper {
          display: flex;
          flex-direction: row;
          flex-wrap: nowrap;
          gap: 8px;
          justify-content: flex-end;
          
        }
      
                  </style>
                </div>
              </div>
              <style>
                
        .wrapper {
          width: 100%;
          height: 100%;
          min-width: 100%;
        }
        .wrapper::before {
          padding-top: 150%;
        }
      
              </style>
            </div>
          </a>
          <div
            class="wrapper body"
          >
            <a
              href="/movie/675353"
            >
              <h2
                class="wrapper heading linkable"
              >
                Sonic 2: La Película
              </h2>
            </a>
            <span
              class="wrapper sm"
            >
              1 abr 2022
              <style>
                
        .wrapper {
          
          opacity: 0.5;
          
        }
      
              </style>
            </span>
            <style>
              
        .wrapper {
          display: flex;
          flex-direction: column;
          flex-wrap: nowrap;
          gap: 2px;
          
          
        }
      
            </style>
          </div>
        </div>
      </div>
      <div
        class="MuiGrid-root MuiGrid-item MuiGrid-grid-xs-60 MuiGrid-grid-sm-40 MuiGrid-grid-md-30 MuiGrid-grid-lg-24 MuiGrid-grid-xl-20 item css-1vivnjg-MuiGrid-root"
      >
        <div
          class="wrapper card"
        >
          <a
            href="/movie/406759"
          >
            <div
              aria-label="image"
              class="wrapper"
              role="img"
            >
              <span
                style="box-sizing: border-box; display: block; overflow: hidden; background: none; opacity: 1; border: 0px; margin: 0px; padding: 0px; position: absolute; top: 0px; left: 0px; bottom: 0px; right: 0px;"
              >
                <img
                  class="image image linkable"
                  data-nimg="fill"
                  decoding="async"
                  src="data:image/gif;base64,R0lGODlhAQABAIAAAAAAAP///yH5BAEAAAAALAAAAAABAAEAAAIBRAA7"
                  style="position: absolute; top: 0px; left: 0px; bottom: 0px; right: 0px; box-sizing: border-box; padding: 0px; margin: auto; display: block; width: 0px; height: 0px; min-width: 100%; max-width: 100%; min-height: 100%; max-height: 100%; object-fit: cover;"
                />
                <noscript />
              </span>
              <div
                class="image linkable content"
              >
                <div
                  class="wrapper actions"
                >
                  <button
                    aria-label="action"
                    class="wrapper medium clear action"
                  >
                    <svg
                      class="actionIcon"
                      fill="currentColor"
                      height="1em"
                      stroke="currentColor"
                      stroke-width="0"
                      viewBox="0 0 512 512"
                      width="1em"
                      xmlns="http://www.w3.org/2000/svg"
                    >
                      <path
                        d="M416 277.333H277.333V416h-42.666V277.333H96v-42.666h138.667V96h42.666v138.667H416v42.666z"
                      />
                    </svg>
                  </button>
                  <style>
                    
        .wrapper {
          display: flex;
          flex-direction: row;
          flex-wrap: nowrap;
          gap: 8px;
          justify-content: flex-end;
          
        }
      
                  </style>
                </div>
              </div>
              <style>
                
        .wrapper {
          width: 100%;
          height: 100%;
          min-width: 100%;
        }
        .wrapper::before {
          padding-top: 150%;
        }
      
              </style>
            </div>
          </a>
          <div
            class="wrapper body"
          >
            <a
              href="/movie/406759"
            >
              <h2
                class="wrapper heading linkable"
              >
                Moonfall
              </h2>
            </a>
            <span
              class="wrapper sm"
            >
              4 feb 2022
              <style>
                
        .wrapper {
          
          opacity: 0.5;
          
        }
      
              </style>
            </span>
            <style>
              
        .wrapper {
          display: flex;
          flex-direction: column;
          flex-wrap: nowrap;
          gap: 2px;
          
          
        }
      
            </style>
          </div>
        </div>
      </div>
      <div
        class="MuiGrid-root MuiGrid-item MuiGrid-grid-xs-60 MuiGrid-grid-sm-40 MuiGrid-grid-md-30 MuiGrid-grid-lg-24 MuiGrid-grid-xl-20 item css-1vivnjg-MuiGrid-root"
      >
        <div
          class="wrapper card"
        >
          <a
            href="/movie/414906"
          >
            <div
              aria-label="image"
              class="wrapper"
              role="img"
            >
              <span
                style="box-sizing: border-box; display: block; overflow: hidden; background: none; opacity: 1; border: 0px; margin: 0px; padding: 0px; position: absolute; top: 0px; left: 0px; bottom: 0px; right: 0px;"
              >
                <img
                  class="image image linkable"
                  data-nimg="fill"
                  decoding="async"
                  src="data:image/gif;base64,R0lGODlhAQABAIAAAAAAAP///yH5BAEAAAAALAAAAAABAAEAAAIBRAA7"
                  style="position: absolute; top: 0px; left: 0px; bottom: 0px; right: 0px; box-sizing: border-box; padding: 0px; margin: auto; display: block; width: 0px; height: 0px; min-width: 100%; max-width: 100%; min-height: 100%; max-height: 100%; object-fit: cover;"
                />
                <noscript />
              </span>
              <div
                class="image linkable content"
              >
                <div
                  class="wrapper actions"
                >
                  <button
                    aria-label="action"
                    class="wrapper medium clear action"
                  >
                    <svg
                      class="actionIcon"
                      fill="currentColor"
                      height="1em"
                      stroke="currentColor"
                      stroke-width="0"
                      viewBox="0 0 512 512"
                      width="1em"
                      xmlns="http://www.w3.org/2000/svg"
                    >
                      <path
                        d="M416 277.333H277.333V416h-42.666V277.333H96v-42.666h138.667V96h42.666v138.667H416v42.666z"
                      />
                    </svg>
                  </button>
                  <style>
                    
        .wrapper {
          display: flex;
          flex-direction: row;
          flex-wrap: nowrap;
          gap: 8px;
          justify-content: flex-end;
          
        }
      
                  </style>
                </div>
              </div>
              <style>
                
        .wrapper {
          width: 100%;
          height: 100%;
          min-width: 100%;
        }
        .wrapper::before {
          padding-top: 150%;
        }
      
              </style>
            </div>
          </a>
          <div
            class="wrapper body"
          >
            <a
              href="/movie/414906"
            >
              <h2
                class="wrapper heading linkable"
              >
                The Batman
              </h2>
            </a>
            <span
              class="wrapper sm"
            >
              4 mar 2022
              <style>
                
        .wrapper {
          
          opacity: 0.5;
          
        }
      
              </style>
            </span>
            <style>
              
        .wrapper {
          display: flex;
          flex-direction: column;
          flex-wrap: nowrap;
          gap: 2px;
          
          
        }
      
            </style>
          </div>
        </div>
      </div>
      <div
        class="MuiGrid-root MuiGrid-item MuiGrid-grid-xs-60 MuiGrid-grid-sm-40 MuiGrid-grid-md-30 MuiGrid-grid-lg-24 MuiGrid-grid-xl-20 item css-1vivnjg-MuiGrid-root"
      >
        <div
          class="wrapper card"
        >
          <a
            href="/movie/696806"
          >
            <div
              aria-label="image"
              class="wrapper"
              role="img"
            >
              <span
                style="box-sizing: border-box; display: block; overflow: hidden; background: none; opacity: 1; border: 0px; margin: 0px; padding: 0px; position: absolute; top: 0px; left: 0px; bottom: 0px; right: 0px;"
              >
                <img
                  class="image image linkable"
                  data-nimg="fill"
                  decoding="async"
                  src="data:image/gif;base64,R0lGODlhAQABAIAAAAAAAP///yH5BAEAAAAALAAAAAABAAEAAAIBRAA7"
                  style="position: absolute; top: 0px; left: 0px; bottom: 0px; right: 0px; box-sizing: border-box; padding: 0px; margin: auto; display: block; width: 0px; height: 0px; min-width: 100%; max-width: 100%; min-height: 100%; max-height: 100%; object-fit: cover;"
                />
                <noscript />
              </span>
              <div
                class="image linkable content"
              >
                <div
                  class="wrapper actions"
                >
                  <button
                    aria-label="action"
                    class="wrapper medium clear action"
                  >
                    <svg
                      class="actionIcon"
                      fill="currentColor"
                      height="1em"
                      stroke="currentColor"
                      stroke-width="0"
                      viewBox="0 0 512 512"
                      width="1em"
                      xmlns="http://www.w3.org/2000/svg"
                    >
                      <path
                        d="M416 277.333H277.333V416h-42.666V277.333H96v-42.666h138.667V96h42.666v138.667H416v42.666z"
                      />
                    </svg>
                  </button>
                  <style>
                    
        .wrapper {
          display: flex;
          flex-direction: row;
          flex-wrap: nowrap;
          gap: 8px;
          justify-content: flex-end;
          
        }
      
                  </style>
                </div>
              </div>
              <style>
                
        .wrapper {
          width: 100%;
          height: 100%;
          min-width: 100%;
        }
        .wrapper::before {
          padding-top: 150%;
        }
      
              </style>
            </div>
          </a>
          <div
            class="wrapper body"
          >
            <a
              href="/movie/696806"
            >
              <h2
                class="wrapper heading linkable"
              >
                El Proyecto Adam
              </h2>
            </a>
            <span
              class="wrapper sm"
            >
              11 mar 2022
              <style>
                
        .wrapper {
          
          opacity: 0.5;
          
        }
      
              </style>
            </span>
            <style>
              
        .wrapper {
          display: flex;
          flex-direction: column;
          flex-wrap: nowrap;
          gap: 2px;
          
          
        }
      
            </style>
          </div>
        </div>
      </div>
      <div
        class="MuiGrid-root MuiGrid-item MuiGrid-grid-xs-60 MuiGrid-grid-sm-40 MuiGrid-grid-md-30 MuiGrid-grid-lg-24 MuiGrid-grid-xl-20 item css-1vivnjg-MuiGrid-root"
      >
        <div
          class="wrapper card"
        >
          <a
            href="/movie/760868"
          >
            <div
              aria-label="image"
              class="wrapper"
              role="img"
            >
              <span
                style="box-sizing: border-box; display: block; overflow: hidden; background: none; opacity: 1; border: 0px; margin: 0px; padding: 0px; position: absolute; top: 0px; left: 0px; bottom: 0px; right: 0px;"
              >
                <img
                  class="image image linkable"
                  data-nimg="fill"
                  decoding="async"
                  src="data:image/gif;base64,R0lGODlhAQABAIAAAAAAAP///yH5BAEAAAAALAAAAAABAAEAAAIBRAA7"
                  style="position: absolute; top: 0px; left: 0px; bottom: 0px; right: 0px; box-sizing: border-box; padding: 0px; margin: auto; display: block; width: 0px; height: 0px; min-width: 100%; max-width: 100%; min-height: 100%; max-height: 100%; object-fit: cover;"
                />
                <noscript />
              </span>
              <div
                class="image linkable content"
              >
                <div
                  class="wrapper actions"
                >
                  <button
                    aria-label="action"
                    class="wrapper medium clear action"
                  >
                    <svg
                      class="actionIcon"
                      fill="currentColor"
                      height="1em"
                      stroke="currentColor"
                      stroke-width="0"
                      viewBox="0 0 512 512"
                      width="1em"
                      xmlns="http://www.w3.org/2000/svg"
                    >
                      <path
                        d="M416 277.333H277.333V416h-42.666V277.333H96v-42.666h138.667V96h42.666v138.667H416v42.666z"
                      />
                    </svg>
                  </button>
                  <style>
                    
        .wrapper {
          display: flex;
          flex-direction: row;
          flex-wrap: nowrap;
          gap: 8px;
          justify-content: flex-end;
          
        }
      
                  </style>
                </div>
              </div>
              <style>
                
        .wrapper {
          width: 100%;
          height: 100%;
          min-width: 100%;
        }
        .wrapper::before {
          padding-top: 150%;
        }
      
              </style>
            </div>
          </a>
          <div
            class="wrapper body"
          >
            <a
              href="/movie/760868"
            >
              <h2
                class="wrapper heading linkable"
              >
                Cangrejo Negro
              </h2>
            </a>
            <span
              class="wrapper sm"
            >
              18 mar 2022
              <style>
                
        .wrapper {
          
          opacity: 0.5;
          
        }
      
              </style>
            </span>
            <style>
              
        .wrapper {
          display: flex;
          flex-direction: column;
          flex-wrap: nowrap;
          gap: 2px;
          
          
        }
      
            </style>
          </div>
        </div>
      </div>
      <div
        class="MuiGrid-root MuiGrid-item MuiGrid-grid-xs-60 MuiGrid-grid-sm-40 MuiGrid-grid-md-30 MuiGrid-grid-lg-24 MuiGrid-grid-xl-20 item css-1vivnjg-MuiGrid-root"
      >
        <div
          class="wrapper card"
        >
          <a
            href="/movie/568124"
          >
            <div
              aria-label="image"
              class="wrapper"
              role="img"
            >
              <span
                style="box-sizing: border-box; display: block; overflow: hidden; background: none; opacity: 1; border: 0px; margin: 0px; padding: 0px; position: absolute; top: 0px; left: 0px; bottom: 0px; right: 0px;"
              >
                <img
                  class="image image linkable"
                  data-nimg="fill"
                  decoding="async"
                  src="data:image/gif;base64,R0lGODlhAQABAIAAAAAAAP///yH5BAEAAAAALAAAAAABAAEAAAIBRAA7"
                  style="position: absolute; top: 0px; left: 0px; bottom: 0px; right: 0px; box-sizing: border-box; padding: 0px; margin: auto; display: block; width: 0px; height: 0px; min-width: 100%; max-width: 100%; min-height: 100%; max-height: 100%; object-fit: cover;"
                />
                <noscript />
              </span>
              <div
                class="image linkable content"
              >
                <div
                  class="wrapper actions"
                >
                  <button
                    aria-label="action"
                    class="wrapper medium clear action"
                  >
                    <svg
                      class="actionIcon"
                      fill="currentColor"
                      height="1em"
                      stroke="currentColor"
                      stroke-width="0"
                      viewBox="0 0 512 512"
                      width="1em"
                      xmlns="http://www.w3.org/2000/svg"
                    >
                      <path
                        d="M416 277.333H277.333V416h-42.666V277.333H96v-42.666h138.667V96h42.666v138.667H416v42.666z"
                      />
                    </svg>
                  </button>
                  <style>
                    
        .wrapper {
          display: flex;
          flex-direction: row;
          flex-wrap: nowrap;
          gap: 8px;
          justify-content: flex-end;
          
        }
      
                  </style>
                </div>
              </div>
              <style>
                
        .wrapper {
          width: 100%;
          height: 100%;
          min-width: 100%;
        }
        .wrapper::before {
          padding-top: 150%;
        }
      
              </style>
            </div>
          </a>
          <div
            class="wrapper body"
          >
            <a
              href="/movie/568124"
            >
              <h2
                class="wrapper heading linkable"
              >
                Encanto
              </h2>
            </a>
            <span
              class="wrapper sm"
            >
              26 nov 2021
              <style>
                
        .wrapper {
          
          opacity: 0.5;
          
        }
      
              </style>
            </span>
            <style>
              
        .wrapper {
          display: flex;
          flex-direction: column;
          flex-wrap: nowrap;
          gap: 2px;
          
          
        }
      
            </style>
          </div>
        </div>
      </div>
      <div
        class="MuiGrid-root MuiGrid-item MuiGrid-grid-xs-60 MuiGrid-grid-sm-40 MuiGrid-grid-md-30 MuiGrid-grid-lg-24 MuiGrid-grid-xl-20 item css-1vivnjg-MuiGrid-root"
      >
        <div
          class="wrapper card"
        >
          <a
            href="/movie/833425"
          >
            <div
              aria-label="image"
              class="wrapper"
              role="img"
            >
              <span
                style="box-sizing: border-box; display: block; overflow: hidden; background: none; opacity: 1; border: 0px; margin: 0px; padding: 0px; position: absolute; top: 0px; left: 0px; bottom: 0px; right: 0px;"
              >
                <img
                  class="image image linkable"
                  data-nimg="fill"
                  decoding="async"
                  src="data:image/gif;base64,R0lGODlhAQABAIAAAAAAAP///yH5BAEAAAAALAAAAAABAAEAAAIBRAA7"
                  style="position: absolute; top: 0px; left: 0px; bottom: 0px; right: 0px; box-sizing: border-box; padding: 0px; margin: auto; display: block; width: 0px; height: 0px; min-width: 100%; max-width: 100%; min-height: 100%; max-height: 100%; object-fit: cover;"
                />
                <noscript />
              </span>
              <div
                class="image linkable content"
              >
                <div
                  class="wrapper actions"
                >
                  <button
                    aria-label="action"
                    class="wrapper medium clear action"
                  >
                    <svg
                      class="actionIcon"
                      fill="currentColor"
                      height="1em"
                      stroke="currentColor"
                      stroke-width="0"
                      viewBox="0 0 512 512"
                      width="1em"
                      xmlns="http://www.w3.org/2000/svg"
                    >
                      <path
                        d="M416 277.333H277.333V416h-42.666V277.333H96v-42.666h138.667V96h42.666v138.667H416v42.666z"
                      />
                    </svg>
                  </button>
                  <style>
                    
        .wrapper {
          display: flex;
          flex-direction: row;
          flex-wrap: nowrap;
          gap: 8px;
          justify-content: flex-end;
          
        }
      
                  </style>
                </div>
              </div>
              <style>
                
        .wrapper {
          width: 100%;
          height: 100%;
          min-width: 100%;
        }
        .wrapper::before {
          padding-top: 150%;
        }
      
              </style>
            </div>
          </a>
          <div
            class="wrapper body"
          >
            <a
              href="/movie/833425"
            >
              <h2
                class="wrapper heading linkable"
              >
                En la tormenta
              </h2>
            </a>
            <span
              class="wrapper sm"
            >
              25 feb 2022
              <style>
                
        .wrapper {
          
          opacity: 0.5;
          
        }
      
              </style>
            </span>
            <style>
              
        .wrapper {
          display: flex;
          flex-direction: column;
          flex-wrap: nowrap;
          gap: 2px;
          
          
        }
      
            </style>
          </div>
        </div>
      </div>
      <div
        class="MuiGrid-root MuiGrid-item MuiGrid-grid-xs-60 MuiGrid-grid-sm-40 MuiGrid-grid-md-30 MuiGrid-grid-lg-24 MuiGrid-grid-xl-20 item css-1vivnjg-MuiGrid-root"
      >
        <div
          class="wrapper card"
        >
          <a
            href="/movie/676705"
          >
            <div
              aria-label="image"
              class="wrapper"
              role="img"
            >
              <span
                style="box-sizing: border-box; display: block; overflow: hidden; background: none; opacity: 1; border: 0px; margin: 0px; padding: 0px; position: absolute; top: 0px; left: 0px; bottom: 0px; right: 0px;"
              >
                <img
                  class="image image linkable"
                  data-nimg="fill"
                  decoding="async"
                  src="data:image/gif;base64,R0lGODlhAQABAIAAAAAAAP///yH5BAEAAAAALAAAAAABAAEAAAIBRAA7"
                  style="position: absolute; top: 0px; left: 0px; bottom: 0px; right: 0px; box-sizing: border-box; padding: 0px; margin: auto; display: block; width: 0px; height: 0px; min-width: 100%; max-width: 100%; min-height: 100%; max-height: 100%; object-fit: cover;"
                />
                <noscript />
              </span>
              <div
                class="image linkable content"
              >
                <div
                  class="wrapper actions"
                >
                  <button
                    aria-label="action"
                    class="wrapper medium clear action"
                  >
                    <svg
                      class="actionIcon"
                      fill="currentColor"
                      height="1em"
                      stroke="currentColor"
                      stroke-width="0"
                      viewBox="0 0 512 512"
                      width="1em"
                      xmlns="http://www.w3.org/2000/svg"
                    >
                      <path
                        d="M416 277.333H277.333V416h-42.666V277.333H96v-42.666h138.667V96h42.666v138.667H416v42.666z"
                      />
                    </svg>
                  </button>
                  <style>
                    
        .wrapper {
          display: flex;
          flex-direction: row;
          flex-wrap: nowrap;
          gap: 8px;
          justify-content: flex-end;
          
        }
      
                  </style>
                </div>
              </div>
              <style>
                
        .wrapper {
          width: 100%;
          height: 100%;
          min-width: 100%;
        }
        .wrapper::before {
          padding-top: 150%;
        }
      
              </style>
            </div>
          </a>
          <div
            class="wrapper body"
          >
            <a
              href="/movie/676705"
            >
              <h2
                class="wrapper heading linkable"
              >
                Las aventuras de Pil
              </h2>
            </a>
            <span
              class="wrapper sm"
            >
              13 abr 2022
              <style>
                
        .wrapper {
          
          opacity: 0.5;
          
        }
      
              </style>
            </span>
            <style>
              
        .wrapper {
          display: flex;
          flex-direction: column;
          flex-wrap: nowrap;
          gap: 2px;
          
          
        }
      
            </style>
          </div>
        </div>
      </div>
      <div
        class="MuiGrid-root MuiGrid-item MuiGrid-grid-xs-60 MuiGrid-grid-sm-40 MuiGrid-grid-md-30 MuiGrid-grid-lg-24 MuiGrid-grid-xl-20 item css-1vivnjg-MuiGrid-root"
      >
        <div
          class="wrapper card"
        >
          <a
            href="/movie/615"
          >
            <div
              aria-label="image"
              class="wrapper"
              role="img"
            >
              <span
                style="box-sizing: border-box; display: block; overflow: hidden; background: none; opacity: 1; border: 0px; margin: 0px; padding: 0px; position: absolute; top: 0px; left: 0px; bottom: 0px; right: 0px;"
              >
                <img
                  class="image image linkable"
                  data-nimg="fill"
                  decoding="async"
                  src="data:image/gif;base64,R0lGODlhAQABAIAAAAAAAP///yH5BAEAAAAALAAAAAABAAEAAAIBRAA7"
                  style="position: absolute; top: 0px; left: 0px; bottom: 0px; right: 0px; box-sizing: border-box; padding: 0px; margin: auto; display: block; width: 0px; height: 0px; min-width: 100%; max-width: 100%; min-height: 100%; max-height: 100%; object-fit: cover;"
                />
                <noscript />
              </span>
              <div
                class="image linkable content"
              >
                <div
                  class="wrapper actions"
                >
                  <button
                    aria-label="action"
                    class="wrapper medium clear action"
                  >
                    <svg
                      class="actionIcon"
                      fill="currentColor"
                      height="1em"
                      stroke="currentColor"
                      stroke-width="0"
                      viewBox="0 0 512 512"
                      width="1em"
                      xmlns="http://www.w3.org/2000/svg"
                    >
                      <path
                        d="M416 277.333H277.333V416h-42.666V277.333H96v-42.666h138.667V96h42.666v138.667H416v42.666z"
                      />
                    </svg>
                  </button>
                  <style>
                    
        .wrapper {
          display: flex;
          flex-direction: row;
          flex-wrap: nowrap;
          gap: 8px;
          justify-content: flex-end;
          
        }
      
                  </style>
                </div>
              </div>
              <style>
                
        .wrapper {
          width: 100%;
          height: 100%;
          min-width: 100%;
        }
        .wrapper::before {
          padding-top: 150%;
        }
      
              </style>
            </div>
          </a>
          <div
            class="wrapper body"
          >
            <a
              href="/movie/615"
            >
              <h2
                class="wrapper heading linkable"
              >
                La pasión de Cristo
              </h2>
            </a>
            <span
              class="wrapper sm"
            >
              2 abr 2004
              <style>
                
        .wrapper {
          
          opacity: 0.5;
          
        }
      
              </style>
            </span>
            <style>
              
        .wrapper {
          display: flex;
          flex-direction: column;
          flex-wrap: nowrap;
          gap: 2px;
          
          
        }
      
            </style>
          </div>
        </div>
      </div>
      <div
        class="MuiGrid-root MuiGrid-item MuiGrid-grid-xs-60 MuiGrid-grid-sm-40 MuiGrid-grid-md-30 MuiGrid-grid-lg-24 MuiGrid-grid-xl-20 item css-1vivnjg-MuiGrid-root"
      >
        <div
          class="wrapper card"
        >
          <a
            href="/movie/661791"
          >
            <div
              aria-label="image"
              class="wrapper"
              role="img"
            >
              <span
                style="box-sizing: border-box; display: block; overflow: hidden; background: none; opacity: 1; border: 0px; margin: 0px; padding: 0px; position: absolute; top: 0px; left: 0px; bottom: 0px; right: 0px;"
              >
                <img
                  class="image image linkable"
                  data-nimg="fill"
                  decoding="async"
                  src="data:image/gif;base64,R0lGODlhAQABAIAAAAAAAP///yH5BAEAAAAALAAAAAABAAEAAAIBRAA7"
                  style="position: absolute; top: 0px; left: 0px; bottom: 0px; right: 0px; box-sizing: border-box; padding: 0px; margin: auto; display: block; width: 0px; height: 0px; min-width: 100%; max-width: 100%; min-height: 100%; max-height: 100%; object-fit: cover;"
                />
                <noscript />
              </span>
              <div
                class="image linkable content"
              >
                <div
                  class="wrapper actions"
                >
                  <button
                    aria-label="action"
                    class="wrapper medium clear action"
                  >
                    <svg
                      class="actionIcon"
                      fill="currentColor"
                      height="1em"
                      stroke="currentColor"
                      stroke-width="0"
                      viewBox="0 0 512 512"
                      width="1em"
                      xmlns="http://www.w3.org/2000/svg"
                    >
                      <path
                        d="M416 277.333H277.333V416h-42.666V277.333H96v-42.666h138.667V96h42.666v138.667H416v42.666z"
                      />
                    </svg>
                  </button>
                  <style>
                    
        .wrapper {
          display: flex;
          flex-direction: row;
          flex-wrap: nowrap;
          gap: 8px;
          justify-content: flex-end;
          
        }
      
                  </style>
                </div>
              </div>
              <style>
                
        .wrapper {
          width: 100%;
          height: 100%;
          min-width: 100%;
        }
        .wrapper::before {
          padding-top: 150%;
        }
      
              </style>
            </div>
          </a>
          <div
            class="wrapper body"
          >
            <a
              href="/movie/661791"
            >
              <h2
                class="wrapper heading linkable"
              >
                La abuela
              </h2>
            </a>
            <span
              class="wrapper sm"
            >
              28 ene 2022
              <style>
                
        .wrapper {
          
          opacity: 0.5;
          
        }
      
              </style>
            </span>
            <style>
              
        .wrapper {
          display: flex;
          flex-direction: column;
          flex-wrap: nowrap;
          gap: 2px;
          
          
        }
      
            </style>
          </div>
        </div>
      </div>
      <div
        class="MuiGrid-root MuiGrid-item MuiGrid-grid-xs-60 MuiGrid-grid-sm-40 MuiGrid-grid-md-30 MuiGrid-grid-lg-24 MuiGrid-grid-xl-20 item css-1vivnjg-MuiGrid-root"
      >
        <div
          class="wrapper card"
        >
          <a
            href="/movie/338953"
          >
            <div
              aria-label="image"
              class="wrapper"
              role="img"
            >
              <span
                style="box-sizing: border-box; display: block; overflow: hidden; background: none; opacity: 1; border: 0px; margin: 0px; padding: 0px; position: absolute; top: 0px; left: 0px; bottom: 0px; right: 0px;"
              >
                <img
                  class="image image linkable"
                  data-nimg="fill"
                  decoding="async"
                  src="data:image/gif;base64,R0lGODlhAQABAIAAAAAAAP///yH5BAEAAAAALAAAAAABAAEAAAIBRAA7"
                  style="position: absolute; top: 0px; left: 0px; bottom: 0px; right: 0px; box-sizing: border-box; padding: 0px; margin: auto; display: block; width: 0px; height: 0px; min-width: 100%; max-width: 100%; min-height: 100%; max-height: 100%; object-fit: cover;"
                />
                <noscript />
              </span>
              <div
                class="image linkable content"
              >
                <div
                  class="wrapper actions"
                >
                  <button
                    aria-label="action"
                    class="wrapper medium clear action"
                  >
                    <svg
                      class="actionIcon"
                      fill="currentColor"
                      height="1em"
                      stroke="currentColor"
                      stroke-width="0"
                      viewBox="0 0 512 512"
                      width="1em"
                      xmlns="http://www.w3.org/2000/svg"
                    >
                      <path
                        d="M416 277.333H277.333V416h-42.666V277.333H96v-42.666h138.667V96h42.666v138.667H416v42.666z"
                      />
                    </svg>
                  </button>
                  <style>
                    
        .wrapper {
          display: flex;
          flex-direction: row;
          flex-wrap: nowrap;
          gap: 8px;
          justify-content: flex-end;
          
        }
      
                  </style>
                </div>
              </div>
              <style>
                
        .wrapper {
          width: 100%;
          height: 100%;
          min-width: 100%;
        }
        .wrapper::before {
          padding-top: 150%;
        }
      
              </style>
            </div>
          </a>
          <div
            class="wrapper body"
          >
            <a
              href="/movie/338953"
            >
              <h2
                class="wrapper heading linkable"
              >
                Animales Fantásticos 3: Los Secretos de Dumbledore
              </h2>
            </a>
            <span
              class="wrapper sm"
            >
              8 abr 2022
              <style>
                
        .wrapper {
          
          opacity: 0.5;
          
        }
      
              </style>
            </span>
            <style>
              
        .wrapper {
          display: flex;
          flex-direction: column;
          flex-wrap: nowrap;
          gap: 2px;
          
          
        }
      
            </style>
          </div>
        </div>
      </div>
      <div
        class="MuiGrid-root MuiGrid-item MuiGrid-grid-xs-60 MuiGrid-grid-sm-40 MuiGrid-grid-md-30 MuiGrid-grid-lg-24 MuiGrid-grid-xl-20 item css-1vivnjg-MuiGrid-root"
      >
        <div
          class="wrapper card"
        >
          <a
            href="/movie/774825"
          >
            <div
              aria-label="image"
              class="wrapper"
              role="img"
            >
              <span
                style="box-sizing: border-box; display: block; overflow: hidden; background: none; opacity: 1; border: 0px; margin: 0px; padding: 0px; position: absolute; top: 0px; left: 0px; bottom: 0px; right: 0px;"
              >
                <img
                  class="image image linkable"
                  data-nimg="fill"
                  decoding="async"
                  src="data:image/gif;base64,R0lGODlhAQABAIAAAAAAAP///yH5BAEAAAAALAAAAAABAAEAAAIBRAA7"
                  style="position: absolute; top: 0px; left: 0px; bottom: 0px; right: 0px; box-sizing: border-box; padding: 0px; margin: auto; display: block; width: 0px; height: 0px; min-width: 100%; max-width: 100%; min-height: 100%; max-height: 100%; object-fit: cover;"
                />
                <noscript />
              </span>
              <div
                class="image linkable content"
              >
                <div
                  class="wrapper actions"
                >
                  <button
                    aria-label="action"
                    class="wrapper medium clear action"
                  >
                    <svg
                      class="actionIcon"
                      fill="currentColor"
                      height="1em"
                      stroke="currentColor"
                      stroke-width="0"
                      viewBox="0 0 512 512"
                      width="1em"
                      xmlns="http://www.w3.org/2000/svg"
                    >
                      <path
                        d="M416 277.333H277.333V416h-42.666V277.333H96v-42.666h138.667V96h42.666v138.667H416v42.666z"
                      />
                    </svg>
                  </button>
                  <style>
                    
        .wrapper {
          display: flex;
          flex-direction: row;
          flex-wrap: nowrap;
          gap: 8px;
          justify-content: flex-end;
          
        }
      
                  </style>
                </div>
              </div>
              <style>
                
        .wrapper {
          width: 100%;
          height: 100%;
          min-width: 100%;
        }
        .wrapper::before {
          padding-top: 150%;
        }
      
              </style>
            </div>
          </a>
          <div
            class="wrapper body"
          >
            <a
              href="/movie/774825"
            >
              <h2
                class="wrapper heading linkable"
              >
                Ice Age: Las aventuras de Buck
              </h2>
            </a>
            <span
              class="wrapper sm"
            >
              25 mar 2022
              <style>
                
        .wrapper {
          
          opacity: 0.5;
          
        }
      
              </style>
            </span>
            <style>
              
        .wrapper {
          display: flex;
          flex-direction: column;
          flex-wrap: nowrap;
          gap: 2px;
          
          
        }
      
            </style>
          </div>
        </div>
      </div>
      <div
        class="MuiGrid-root MuiGrid-item MuiGrid-grid-xs-60 MuiGrid-grid-sm-40 MuiGrid-grid-md-30 MuiGrid-grid-lg-24 MuiGrid-grid-xl-20 item css-1vivnjg-MuiGrid-root"
      >
        <div
          class="wrapper card"
        >
          <a
            href="/movie/454626"
          >
            <div
              aria-label="image"
              class="wrapper"
              role="img"
            >
              <span
                style="box-sizing: border-box; display: block; overflow: hidden; background: none; opacity: 1; border: 0px; margin: 0px; padding: 0px; position: absolute; top: 0px; left: 0px; bottom: 0px; right: 0px;"
              >
                <img
                  class="image image linkable"
                  data-nimg="fill"
                  decoding="async"
                  src="data:image/gif;base64,R0lGODlhAQABAIAAAAAAAP///yH5BAEAAAAALAAAAAABAAEAAAIBRAA7"
                  style="position: absolute; top: 0px; left: 0px; bottom: 0px; right: 0px; box-sizing: border-box; padding: 0px; margin: auto; display: block; width: 0px; height: 0px; min-width: 100%; max-width: 100%; min-height: 100%; max-height: 100%; object-fit: cover;"
                />
                <noscript />
              </span>
              <div
                class="image linkable content"
              >
                <div
                  class="wrapper actions"
                >
                  <button
                    aria-label="action"
                    class="wrapper medium clear action"
                  >
                    <svg
                      class="actionIcon"
                      fill="currentColor"
                      height="1em"
                      stroke="currentColor"
                      stroke-width="0"
                      viewBox="0 0 512 512"
                      width="1em"
                      xmlns="http://www.w3.org/2000/svg"
                    >
                      <path
                        d="M416 277.333H277.333V416h-42.666V277.333H96v-42.666h138.667V96h42.666v138.667H416v42.666z"
                      />
                    </svg>
                  </button>
                  <style>
                    
        .wrapper {
          display: flex;
          flex-direction: row;
          flex-wrap: nowrap;
          gap: 8px;
          justify-content: flex-end;
          
        }
      
                  </style>
                </div>
              </div>
              <style>
                
        .wrapper {
          width: 100%;
          height: 100%;
          min-width: 100%;
        }
        .wrapper::before {
          padding-top: 150%;
        }
      
              </style>
            </div>
          </a>
          <div
            class="wrapper body"
          >
            <a
              href="/movie/454626"
            >
              <h2
                class="wrapper heading linkable"
              >
                Sonic: La película
              </h2>
            </a>
            <span
              class="wrapper sm"
            >
              14 feb 2020
              <style>
                
        .wrapper {
          
          opacity: 0.5;
          
        }
      
              </style>
            </span>
            <style>
              
        .wrapper {
          display: flex;
          flex-direction: column;
          flex-wrap: nowrap;
          gap: 2px;
          
          
        }
      
            </style>
          </div>
        </div>
      </div>
      <div
        class="MuiGrid-root MuiGrid-item MuiGrid-grid-xs-60 MuiGrid-grid-sm-40 MuiGrid-grid-md-30 MuiGrid-grid-lg-24 MuiGrid-grid-xl-20 item css-1vivnjg-MuiGrid-root"
      >
        <div
          class="wrapper card"
        >
          <a
            href="/movie/585083"
          >
            <div
              aria-label="image"
              class="wrapper"
              role="img"
            >
              <span
                style="box-sizing: border-box; display: block; overflow: hidden; background: none; opacity: 1; border: 0px; margin: 0px; padding: 0px; position: absolute; top: 0px; left: 0px; bottom: 0px; right: 0px;"
              >
                <img
                  class="image image linkable"
                  data-nimg="fill"
                  decoding="async"
                  src="data:image/gif;base64,R0lGODlhAQABAIAAAAAAAP///yH5BAEAAAAALAAAAAABAAEAAAIBRAA7"
                  style="position: absolute; top: 0px; left: 0px; bottom: 0px; right: 0px; box-sizing: border-box; padding: 0px; margin: auto; display: block; width: 0px; height: 0px; min-width: 100%; max-width: 100%; min-height: 100%; max-height: 100%; object-fit: cover;"
                />
                <noscript />
              </span>
              <div
                class="image linkable content"
              >
                <div
                  class="wrapper actions"
                >
                  <button
                    aria-label="action"
                    class="wrapper medium clear action"
                  >
                    <svg
                      class="actionIcon"
                      fill="currentColor"
                      height="1em"
                      stroke="currentColor"
                      stroke-width="0"
                      viewBox="0 0 512 512"
                      width="1em"
                      xmlns="http://www.w3.org/2000/svg"
                    >
                      <path
                        d="M416 277.333H277.333V416h-42.666V277.333H96v-42.666h138.667V96h42.666v138.667H416v42.666z"
                      />
                    </svg>
                  </button>
                  <style>
                    
        .wrapper {
          display: flex;
          flex-direction: row;
          flex-wrap: nowrap;
          gap: 8px;
          justify-content: flex-end;
          
        }
      
                  </style>
                </div>
              </div>
              <style>
                
        .wrapper {
          width: 100%;
          height: 100%;
          min-width: 100%;
        }
        .wrapper::before {
          padding-top: 150%;
        }
      
              </style>
            </div>
          </a>
          <div
            class="wrapper body"
          >
            <a
              href="/movie/585083"
            >
              <h2
                class="wrapper heading linkable"
              >
                Hotel Transilvania: Transformanía
              </h2>
            </a>
            <span
              class="wrapper sm"
            >
              14 ene 2022
              <style>
                
        .wrapper {
          
          opacity: 0.5;
          
        }
      
              </style>
            </span>
            <style>
              
        .wrapper {
          display: flex;
          flex-direction: column;
          flex-wrap: nowrap;
          gap: 2px;
          
          
        }
      
            </style>
          </div>
        </div>
      </div>
      <div
        class="MuiGrid-root MuiGrid-item MuiGrid-grid-xs-60 MuiGrid-grid-sm-40 MuiGrid-grid-md-30 MuiGrid-grid-lg-24 MuiGrid-grid-xl-20 item css-1vivnjg-MuiGrid-root"
      >
        <div
          class="wrapper card"
        >
          <a
            href="/movie/524434"
          >
            <div
              aria-label="image"
              class="wrapper"
              role="img"
            >
              <span
                style="box-sizing: border-box; display: block; overflow: hidden; background: none; opacity: 1; border: 0px; margin: 0px; padding: 0px; position: absolute; top: 0px; left: 0px; bottom: 0px; right: 0px;"
              >
                <img
                  class="image image linkable"
                  data-nimg="fill"
                  decoding="async"
                  src="data:image/gif;base64,R0lGODlhAQABAIAAAAAAAP///yH5BAEAAAAALAAAAAABAAEAAAIBRAA7"
                  style="position: absolute; top: 0px; left: 0px; bottom: 0px; right: 0px; box-sizing: border-box; padding: 0px; margin: auto; display: block; width: 0px; height: 0px; min-width: 100%; max-width: 100%; min-height: 100%; max-height: 100%; object-fit: cover;"
                />
                <noscript />
              </span>
              <div
                class="image linkable content"
              >
                <div
                  class="wrapper actions"
                >
                  <button
                    aria-label="action"
                    class="wrapper medium clear action"
                  >
                    <svg
                      class="actionIcon"
                      fill="currentColor"
                      height="1em"
                      stroke="currentColor"
                      stroke-width="0"
                      viewBox="0 0 512 512"
                      width="1em"
                      xmlns="http://www.w3.org/2000/svg"
                    >
                      <path
                        d="M416 277.333H277.333V416h-42.666V277.333H96v-42.666h138.667V96h42.666v138.667H416v42.666z"
                      />
                    </svg>
                  </button>
                  <style>
                    
        .wrapper {
          display: flex;
          flex-direction: row;
          flex-wrap: nowrap;
          gap: 8px;
          justify-content: flex-end;
          
        }
      
                  </style>
                </div>
              </div>
              <style>
                
        .wrapper {
          width: 100%;
          height: 100%;
          min-width: 100%;
        }
        .wrapper::before {
          padding-top: 150%;
        }
      
              </style>
            </div>
          </a>
          <div
            class="wrapper body"
          >
            <a
              href="/movie/524434"
            >
              <h2
                class="wrapper heading linkable"
              >
                Eternals
              </h2>
            </a>
            <span
              class="wrapper sm"
            >
              5 nov 2021
              <style>
                
        .wrapper {
          
          opacity: 0.5;
          
        }
      
              </style>
            </span>
            <style>
              
        .wrapper {
          display: flex;
          flex-direction: column;
          flex-wrap: nowrap;
          gap: 2px;
          
          
        }
      
            </style>
          </div>
        </div>
      </div>
      <div
        class="MuiGrid-root MuiGrid-item MuiGrid-grid-xs-60 MuiGrid-grid-sm-40 MuiGrid-grid-md-30 MuiGrid-grid-lg-24 MuiGrid-grid-xl-20 item css-1vivnjg-MuiGrid-root"
      >
        <div
          class="wrapper card"
        >
          <a
            href="/movie/476669"
          >
            <div
              aria-label="image"
              class="wrapper"
              role="img"
            >
              <span
                style="box-sizing: border-box; display: block; overflow: hidden; background: none; opacity: 1; border: 0px; margin: 0px; padding: 0px; position: absolute; top: 0px; left: 0px; bottom: 0px; right: 0px;"
              >
                <img
                  class="image image linkable"
                  data-nimg="fill"
                  decoding="async"
                  src="data:image/gif;base64,R0lGODlhAQABAIAAAAAAAP///yH5BAEAAAAALAAAAAABAAEAAAIBRAA7"
                  style="position: absolute; top: 0px; left: 0px; bottom: 0px; right: 0px; box-sizing: border-box; padding: 0px; margin: auto; display: block; width: 0px; height: 0px; min-width: 100%; max-width: 100%; min-height: 100%; max-height: 100%; object-fit: cover;"
                />
                <noscript />
              </span>
              <div
                class="image linkable content"
              >
                <div
                  class="wrapper actions"
                >
                  <button
                    aria-label="action"
                    class="wrapper medium clear action"
                  >
                    <svg
                      class="actionIcon"
                      fill="currentColor"
                      height="1em"
                      stroke="currentColor"
                      stroke-width="0"
                      viewBox="0 0 512 512"
                      width="1em"
                      xmlns="http://www.w3.org/2000/svg"
                    >
                      <path
                        d="M416 277.333H277.333V416h-42.666V277.333H96v-42.666h138.667V96h42.666v138.667H416v42.666z"
                      />
                    </svg>
                  </button>
                  <style>
                    
        .wrapper {
          display: flex;
          flex-direction: row;
          flex-wrap: nowrap;
          gap: 8px;
          justify-content: flex-end;
          
        }
      
                  </style>
                </div>
              </div>
              <style>
                
        .wrapper {
          width: 100%;
          height: 100%;
          min-width: 100%;
        }
        .wrapper::before {
          padding-top: 150%;
        }
      
              </style>
            </div>
          </a>
          <div
            class="wrapper body"
          >
            <a
              href="/movie/476669"
            >
              <h2
                class="wrapper heading linkable"
              >
                The King's Man: La primera misión
              </h2>
            </a>
            <span
              class="wrapper sm"
            >
              29 dic 2021
              <style>
                
        .wrapper {
          
          opacity: 0.5;
          
        }
      
              </style>
            </span>
            <style>
              
        .wrapper {
          display: flex;
          flex-direction: column;
          flex-wrap: nowrap;
          gap: 2px;
          
          
        }
      
            </style>
          </div>
        </div>
      </div>
      <div
        class="MuiGrid-root MuiGrid-item MuiGrid-grid-xs-60 MuiGrid-grid-sm-40 MuiGrid-grid-md-30 MuiGrid-grid-lg-24 MuiGrid-grid-xl-20 item css-1vivnjg-MuiGrid-root"
      >
        <div
          class="wrapper card"
        >
          <a
            href="/movie/800510"
          >
            <div
              aria-label="image"
              class="wrapper"
              role="img"
            >
              <span
                style="box-sizing: border-box; display: block; overflow: hidden; background: none; opacity: 1; border: 0px; margin: 0px; padding: 0px; position: absolute; top: 0px; left: 0px; bottom: 0px; right: 0px;"
              >
                <img
                  class="image image linkable"
                  data-nimg="fill"
                  decoding="async"
                  src="data:image/gif;base64,R0lGODlhAQABAIAAAAAAAP///yH5BAEAAAAALAAAAAABAAEAAAIBRAA7"
                  style="position: absolute; top: 0px; left: 0px; bottom: 0px; right: 0px; box-sizing: border-box; padding: 0px; margin: auto; display: block; width: 0px; height: 0px; min-width: 100%; max-width: 100%; min-height: 100%; max-height: 100%; object-fit: cover;"
                />
                <noscript />
              </span>
              <div
                class="image linkable content"
              >
                <div
                  class="wrapper actions"
                >
                  <button
                    aria-label="action"
                    class="wrapper medium clear action"
                  >
                    <svg
                      class="actionIcon"
                      fill="currentColor"
                      height="1em"
                      stroke="currentColor"
                      stroke-width="0"
                      viewBox="0 0 512 512"
                      width="1em"
                      xmlns="http://www.w3.org/2000/svg"
                    >
                      <path
                        d="M416 277.333H277.333V416h-42.666V277.333H96v-42.666h138.667V96h42.666v138.667H416v42.666z"
                      />
                    </svg>
                  </button>
                  <style>
                    
        .wrapper {
          display: flex;
          flex-direction: row;
          flex-wrap: nowrap;
          gap: 8px;
          justify-content: flex-end;
          
        }
      
                  </style>
                </div>
              </div>
              <style>
                
        .wrapper {
          width: 100%;
          height: 100%;
          min-width: 100%;
        }
        .wrapper::before {
          padding-top: 150%;
        }
      
              </style>
            </div>
          </a>
          <div
            class="wrapper body"
          >
            <a
              href="/movie/800510"
            >
              <h2
                class="wrapper heading linkable"
              >
                Kimi
              </h2>
            </a>
            <span
              class="wrapper sm"
            >
              10 feb 2022
              <style>
                
        .wrapper {
          
          opacity: 0.5;
          
        }
      
              </style>
            </span>
            <style>
              
        .wrapper {
          display: flex;
          flex-direction: column;
          flex-wrap: nowrap;
          gap: 2px;
          
          
        }
      
            </style>
          </div>
        </div>
      </div>
      <div
        class="MuiGrid-root MuiGrid-item MuiGrid-grid-xs-60 MuiGrid-grid-sm-40 MuiGrid-grid-md-30 MuiGrid-grid-lg-24 MuiGrid-grid-xl-20 item css-1vivnjg-MuiGrid-root"
      >
        <div
          class="wrapper card"
        >
          <a
            href="/movie/928381"
          >
            <div
              aria-label="image"
              class="wrapper"
              role="img"
            >
              <span
                style="box-sizing: border-box; display: block; overflow: hidden; background: none; opacity: 1; border: 0px; margin: 0px; padding: 0px; position: absolute; top: 0px; left: 0px; bottom: 0px; right: 0px;"
              >
                <img
                  class="image image linkable"
                  data-nimg="fill"
                  decoding="async"
                  src="data:image/gif;base64,R0lGODlhAQABAIAAAAAAAP///yH5BAEAAAAALAAAAAABAAEAAAIBRAA7"
                  style="position: absolute; top: 0px; left: 0px; bottom: 0px; right: 0px; box-sizing: border-box; padding: 0px; margin: auto; display: block; width: 0px; height: 0px; min-width: 100%; max-width: 100%; min-height: 100%; max-height: 100%; object-fit: cover;"
                />
                <noscript />
              </span>
              <div
                class="image linkable content"
              >
                <div
                  class="wrapper actions"
                >
                  <button
                    aria-label="action"
                    class="wrapper medium clear action"
                  >
                    <svg
                      class="actionIcon"
                      fill="currentColor"
                      height="1em"
                      stroke="currentColor"
                      stroke-width="0"
                      viewBox="0 0 512 512"
                      width="1em"
                      xmlns="http://www.w3.org/2000/svg"
                    >
                      <path
                        d="M416 277.333H277.333V416h-42.666V277.333H96v-42.666h138.667V96h42.666v138.667H416v42.666z"
                      />
                    </svg>
                  </button>
                  <style>
                    
        .wrapper {
          display: flex;
          flex-direction: row;
          flex-wrap: nowrap;
          gap: 8px;
          justify-content: flex-end;
          
        }
      
                  </style>
                </div>
              </div>
              <style>
                
        .wrapper {
          width: 100%;
          height: 100%;
          min-width: 100%;
        }
        .wrapper::before {
          padding-top: 150%;
        }
      
              </style>
            </div>
          </a>
          <div
            class="wrapper body"
          >
            <a
              href="/movie/928381"
            >
              <h2
                class="wrapper heading linkable"
              >
                Sin respiro
              </h2>
            </a>
            <span
              class="wrapper sm"
            >
              25 feb 2022
              <style>
                
        .wrapper {
          
          opacity: 0.5;
          
        }
      
              </style>
            </span>
            <style>
              
        .wrapper {
          display: flex;
          flex-direction: column;
          flex-wrap: nowrap;
          gap: 2px;
          
          
        }
      
            </style>
          </div>
        </div>
      </div>
    </div>
  </div>
</div>
`;
