// Jest Snapshot v1, https://goo.gl/fbAQLP

exports[`Index page renders page correctly 1`] = `
<div>
  <div
    class="wrapper hasMargins"
  >
    <div
      class="wrapper"
      style="margin-top: 30px;"
    >
      <h2
        class="wrapper"
      >
        welcome.title
      </h2>
      <span
        class="wrapper md"
      >
        Lorem ipsum dolor sit amet, consectetur adipisicing elit. Architecto assumenda dolore expedita harum ipsum labore laudantium libero molestias nam numquam odio omnis, quaerat quas rem repellendus similique tempore unde ut.
        <style>
          
        wrapper {
          
        }
      
        </style>
      </span>
      <style>
        
        .wrapper {
          display: flex;
          flex-direction: column;
          flex-wrap: nowrap;
          gap: 10px
          
          
        }
      
      </style>
    </div>
    <h1>
      <a
        href="/movies"
      >
        <button
          class="wrapper medium"
        >
          Movies
        </button>
      </a>
    </h1>
  </div>
</div>
`;
