// Jest Snapshot v1, https://goo.gl/fbAQLP

exports[`Index page renders page correctly 1`] = `
<div>
  <div
    class="wrapper hasMargins"
  >
    <h1
      class="wrapper"
    >
      welcome.title
    </h1>
    <h1>
      <a
        href="/movies"
      >
        <button
          class="wrapper medium"
        >
          Movies
        </button>
      </a>
    </h1>
  </div>
</div>
`;
