// Jest Snapshot v1, https://goo.gl/fbAQLP

exports[`Tests Image component renders component correctly 1`] = `
<div>
  <div
    aria-label="img"
    class="wrapper"
    role="img"
  >
    <span
      style="box-sizing: border-box; display: block; overflow: hidden; background: none; opacity: 1; border: 0px; margin: 0px; padding: 0px; position: absolute; top: 0px; left: 0px; bottom: 0px; right: 0px;"
    >
      <img
        alt="img"
        class="image"
        data-nimg="fill"
        decoding="async"
        sizes="100vw"
        src="/_next/image?url=https%3A%2F%2Fpicsum.photos%2F200%2F300&w=3840&q=50"
        srcset="/_next/image?url=https%3A%2F%2Fpicsum.photos%2F200%2F300&w=640&q=50 640w, /_next/image?url=https%3A%2F%2Fpicsum.photos%2F200%2F300&w=750&q=50 750w, /_next/image?url=https%3A%2F%2Fpicsum.photos%2F200%2F300&w=828&q=50 828w, /_next/image?url=https%3A%2F%2Fpicsum.photos%2F200%2F300&w=1080&q=50 1080w, /_next/image?url=https%3A%2F%2Fpicsum.photos%2F200%2F300&w=1200&q=50 1200w, /_next/image?url=https%3A%2F%2Fpicsum.photos%2F200%2F300&w=1920&q=50 1920w, /_next/image?url=https%3A%2F%2Fpicsum.photos%2F200%2F300&w=2048&q=50 2048w, /_next/image?url=https%3A%2F%2Fpicsum.photos%2F200%2F300&w=3840&q=50 3840w"
        style="position: absolute; top: 0px; left: 0px; bottom: 0px; right: 0px; box-sizing: border-box; padding: 0px; margin: auto; display: block; width: 0px; height: 0px; min-width: 100%; max-width: 100%; min-height: 100%; max-height: 100%; object-fit: cover;"
      />
    </span>
    <div
      class="content"
    />
    <style>
      
        .wrapper {
          width: auto;
          height: auto;
          min-width: auto;
        }
        .wrapper::before {
          padding-top: 0;
        }
      
    </style>
  </div>
</div>
`;
