// Jest Snapshot v1, https://goo.gl/fbAQLP

exports[`Tests ToggleButton component renders component correctly 1`] = `
<div>
  <div
    class="wrapper wrapper"
  >
    <button
      aria-pressed="false"
      class="itemWrapper"
    >
      Item 1
    </button>
    <button
      aria-pressed="false"
      class="itemWrapper"
    >
      Item 2
    </button>
    <style>
      
        .wrapper {
          display: flex;
          flex-direction: row;
          flex-wrap: nowrap;
          
          
          align-items: center
        }
      
    </style>
  </div>
</div>
`;
