// Jest Snapshot v1, https://goo.gl/fbAQLP

exports[`Tests MediaAutocomplete component renders component correctly 1`] = `
<div>
  <div
    class="wrapper"
  >
    <form
      action=""
      class="autocompleteForm"
      novalidate=""
      role="search"
    >
      <div
        class="autocompleteInput"
      >
        <div
          class="wrapper wrapper input"
        >
          <button
            aria-label="icon"
            class="wrapper medium outline icon"
          >
            <svg
              fill="none"
              height="1em"
              stroke="currentColor"
              stroke-linecap="round"
              stroke-linejoin="round"
              stroke-width="2"
              viewBox="0 0 24 24"
              width="1em"
              xmlns="http://www.w3.org/2000/svg"
            >
              <circle
                cx="11"
                cy="11"
                r="8"
              />
              <line
                x1="21"
                x2="16.65"
                y1="21"
                y2="16.65"
              />
            </svg>
          </button>
          <input
            aria-label="search"
            autocomplete="off"
            class="input"
            name="search"
            placeholder="header.action.search.placeholder"
            type="search"
            value=""
          />
          <style>
            
        .wrapper {
          display: flex;
          flex-direction: row;
          flex-wrap: nowrap;
          
          
          align-items: center;
        }
      
          </style>
        </div>
      </div>
    </form>
  </div>
</div>
`;
